[todbot.com/blog/bionicarduino/index.html]
[backblue.gif]
[fade.gif]
[index.html]
[todbot.com/blog/wp-content/themes/suffusion/style946e.css]
[todbot.com/blog/wp-content/themes/suffusion/skins/light-theme-gray-2/skin946e.css]
[todbot.com/blog/wp-content/themes/suffusion/dark-style946e.css]
[todbot.com/blog/bionicarduino/feed/index.html]
[todbot.com/blog/wp-content/themes/suffusion/skins/dark-theme-gray-2/skin946e.css]
[todbot.com/blog/wp-content/uploads/suffusion/custom-styles946e.css]
[todbot.com/blog/wp-content/plugins/jetpack/css/jetpackef85.css]
[todbot.com/blog/wp-includes/js/jquery/jquery-migrate.min1576.js]
[todbot.com/blog/wp-content/plugins/google-analyticator/external-tracking.min109c.js]
[todbot.com/blog/wp-content/uploads/2013/01/cropped-masthead.jpg]
[todbot.com/blog/wp-content/uploads/2007/11/bionicarduino.jpg]
[todbot.com/blog/wp-content/themes/suffusion/scripts/suffusion946e.js]
[todbot.com/arduino/sketches/bionicarduino-sketches.zip]
[todbot.com/blog/wp-includes/js/jquery/jqueryc1d8.js]
[todbot.com/processing/bionic-processing-sketches.zip]
[todbot.com/blog/wp-content/uploads/2015/02/blink1mk2-widget0.jpg]
[todbot.com/blog/wp-content/uploads/2008/06/tm_blinkm_closeup_obliq_sma.jpg]
[todbot.com/blog/bionicarduino/comment-page-6/index.html]
[todbot.com/blog/wp-content/uploads/2010/09/crash-color-150x130.jpg]
[todbot.com/blog/bionicarduino/comment-page-5/index.html]
[todbot.com/images/tm_logo_150x150.gif]
[todbot.com/blog/wp-content/uploads/2015/02/cashmachine.jpg]
[todbot.com/blog/wp-content/uploads/2009/12/P1000645-150.jpg]
[hackingroomba.com/wp-content/uploads/2006/11/hackingroomba-orange-150.jpg]
[todbot.com/blog/wp-content/plugins/akismet/_inc/form583f.js]
[todbot.com/blog/wp-includes/js/comment-reply.min5b31.js]
[s0.wp.com/wp-content/js/devicepx-jetpack6e0d.js]
[todbot.com/blog/bionicarduino/index.html]
[stats.wp.com/e-201538.js]
[todbot.com/blog/wp-content/themes/suffusion/images/blockquote-l.png]
[todbot.com/blog/wp-content/themes/suffusion/images/blockquote-r.png]
[todbot.com/blog/wp-content/themes/suffusion/images/arrows.gif]
[todbot.com/blog/wp-content/themes/suffusion/images/icons/calendar_date.png]
[todbot.com/blog/wp-content/themes/suffusion/images/icons/comment.png]
[todbot.com/blog/wp-content/themes/suffusion/images/icons/comments.png]
[todbot.com/blog/wp-content/themes/suffusion/images/right_arrow.png]
[todbot.com/blog/wp-content/themes/suffusion/images/icons/byline-icons.png]
[todbot.com/blog/wp-content/themes/suffusion/style946e.css]
[todbot.com/blog/wp-content/themes/suffusion/images/exp-coll-gray.png]
[todbot.com/blog/wp-content/themes/suffusion/images/exp-coll-gray.gif]
[todbot.com/blog/wp-content/themes/suffusion/images/exp-coll-eee.png]
[todbot.com/blog/wp-content/themes/suffusion/images/exp-coll-eee.gif]
[todbot.com/blog/wp-content/themes/suffusion/images/bg-gray-2.png]
[todbot.com/blog/wp-content/themes/suffusion/images/search-button-gray-2.png]
[todbot.com/blog/wp-content/themes/suffusion/images/search-button-gray-2.gif]
[todbot.com/blog/wp-content/themes/suffusion/images/calgray-2.png]
[todbot.com/blog/wp-content/themes/suffusion/images/icons/bulletgray.png]
[todbot.com/blog/wp-content/themes/suffusion/images/icons/folder-gray16.png]
[todbot.com/blog/wp-content/themes/suffusion/images/icons/008.png]
[todbot.com/blog/wp-content/themes/suffusion/images/slider-gray.png]
[todbot.com/blog/wp-content/themes/suffusion/images/slider-black.png]
[todbot.com/blog/wp-content/themes/suffusion/skins/light-theme-gray-2/skin946e.css]
[todbot.com/blog/wp-content/themes/suffusion/dark-style946e.css]
[todbot.com/blog/wp-content/themes/suffusion/skins/dark-theme-gray-2/skin946e.css]
[todbot.com/blog/wp-content/uploads/2013/04/header_todbot_20130429.jpg]
[todbot.com/blog/wp-content/themes/suffusion/images/iconset-0.png]
[todbot.com/blog/wp-content/uploads/suffusion/custom-styles946e.css]
[todbot.com/blog/wp-content/plugins/jetpack/modules/carousel/images/arrows.png]
[todbot.com/blog/wp-content/plugins/jetpack/modules/carousel/images/arrows-2x.png]
[todbot.com/blog/wp-content/plugins/jetpack/modules/carousel/images/carousel-spritee4da.png]
[todbot.com/blog/wp-content/plugins/jetpack/modules/carousel/images/carousel-sprite-2xe4da.png]
[todbot.com/blog/wp-content/plugins/jetpack/modules/shortcodes/img/slideshow-controls.png]
[todbot.com/blog/wp-content/plugins/jetpack/modules/shortcodes/img/slideshow-controls-2x.png]
[todbot.com/blog/wp-content/plugins/jetpack/modules/shortcodes/images/slide-nav.png]
[todbot.com/blog/wp-content/plugins/jetpack/modules/shortcodes/images/expand.png]
[todbot.com/blog/wp-content/plugins/jetpack/modules/shortcodes/images/collapse.png]
[0.gravatar.com/images/grav-share-sprite.png]
[todbot.com/blog/wp-content/plugins/jetpack/css/jetpackef85.css]
[todbot.com/blog/wp-content/plugins/jetpack/css/jetpackd617.css]
[todbot.com/blog/wp-content/plugins/google-analyticator/external-tracking.minb7f2.js]
[todbot.com/blog/wp-content/plugins/akismet/_inc/form459e.js]
[todbot.com/blog/wp-includes/js/comment-reply.min0235.js]
[s0.wp.com/wp-content/js/devicepx-jetpack04fd.js]
[todbot.com/blog/bionicarduino/comment-page-6/index.html]
[todbot.com/blog/bionicarduino/comment-page-5/index.html]
[s0.wp.com/wp-content/js/devicepx-jetpack6e0d.js]
[stats.wp.com/e-201510.js]
[todbot.com/blog/bionicarduino/comment-page-4/index.html]
[todbot.com/blog/wp-includes/js/jquery/jquery90f9.js]
[todbot.com/blog/bionicarduino/g.41.delayed]
[todbot.com/blog/bionicarduino/c.gif]
[stats.wp.com/e-201538.js]
[todbot.com/blog/wp-content/plugins/jetpack/css/jetpackd617.css]
[s0.wp.com/wp-content/js/devicepx-jetpack04fd.js]
[todbot.com/blog/bionicarduino/comment-page-6/g.43.delayed]
[todbot.com/blog/bionicarduino/comment-page-6/c.44.delayed]
[stats.wp.com/e-201510.js]
[todbot.com/arduino/sketches/NunchuckPrint/NunchuckPrint.pde]
[s0.wp.com/wp-content/js/devicepx-jetpackc9e4.js]
[todbot.com/blog/bionicarduino/comment-page-4/index.html]
[todbot.com/blog/bionicarduino/g.html]
[todbot.com/blog/bionicarduino/c.html]
[todbot.com/blog/bionicarduino/comment-page-6/g.html]
[todbot.com/blog/bionicarduino/comment-page-6/c.html]
[todbot.com/blog/bionicarduino/comment-page-3/index.html]
[stats.wp.com/e-201509.js]
[todbot.com/blog/bionicarduino/comment-page-3/index.html]
[s0.wp.com/wp-content/js/devicepx-jetpackc9e4.js]
[todbot.com/blog/bionicarduino/comment-page-2/index.html]
[todbot.com/blog/bionicarduino/comment-page-4/g.48.delayed]
[todbot.com/blog/bionicarduino/comment-page-4/c.49.delayed]
[stats.wp.com/e-201509.js]
[todbot.com/blog/bionicarduino/comment-page-2/index.html]
[todbot.com/blog/bionicarduino/comment-page-4/g.html]
[todbot.com/blog/bionicarduino/comment-page-4/c.html]
[todbot.com/blog/bionicarduino/comment-page-1/index.html]
[todbot.com/blog/wp-content/uploads/2008/01/arduino-many-leds.png]
[todbot.com/blog/wp-content/uploads/2008/01/arduino-many-leds-parallel.png]
[todbot.com/blog/bionicarduino/comment-page-1/index.html]
